
> portfolio_sarthak@0.0.0 build
> tsc -b && vite build

src/hooks/useTypingEffect.ts(8,24): error TS2554: Expected 1 arguments, but got 0.
src/sections/About.tsx(2,1): error TS6133: 'motion' is declared but its value is never read.
src/sections/Achievements.tsx(3,10): error TS6133: 'FiAward' is declared but its value is never read.
src/sections/Achievements.tsx(3,35): error TS6133: 'FiSearch' is declared but its value is never read.
src/sections/Achievements.tsx(22,43): error TS2322: Type '{ children: Element[]; id: string; bgVariant: string; }' is not assignable to type 'IntrinsicAttributes & SectionWrapperProps'.
  Property 'bgVariant' does not exist on type 'IntrinsicAttributes & SectionWrapperProps'.
src/sections/Contact.tsx(2,1): error TS6133: 'motion' is declared but its value is never read.
src/sections/Contact.tsx(3,18): error TS6133: 'FiPhone' is declared but its value is never read.
src/sections/Contact.tsx(26,44): error TS2322: Type '{ children: Element[]; key: number; delay: number; className: string; }' is not assignable to type 'IntrinsicAttributes & GlassCardProps'.
  Property 'delay' does not exist on type 'IntrinsicAttributes & GlassCardProps'.
src/sections/Contact.tsx(42,32): error TS2322: Type '{ children: Element; hover: boolean; className: string; }' is not assignable to type 'IntrinsicAttributes & GlassCardProps'.
  Property 'hover' does not exist on type 'IntrinsicAttributes & GlassCardProps'.
src/sections/Experience.tsx(6,26): error TS2305: Module '"../data/experience"' has no exported member 'responsibilityData'.
src/sections/Experience.tsx(6,46): error TS1484: 'Experience' is a type and must be imported using a type-only import when 'verbatimModuleSyntax' is enabled.
src/sections/Experience.tsx(228,41): error TS2322: Type '{ children: Element[]; id: string; bgVariant: string; }' is not assignable to type 'IntrinsicAttributes & SectionWrapperProps'.
  Property 'bgVariant' does not exist on type 'IntrinsicAttributes & SectionWrapperProps'.
